******************************************************************************
                  TI ARM Linker PC v18.1.8                     
******************************************************************************
>> Linked Mon Jun 17 13:41:33 2024

OUTPUT FILE NAME:   <EGR424_Project2.out>
ENTRY POINT SYMBOL: "_c_int00_noargs"  address: 00001bd9


MEMORY CONFIGURATION

         name            origin    length      used     unused   attr    fill
----------------------  --------  ---------  --------  --------  ----  --------
  MAIN                  00000000   00040000  00002dbc  0003d244  R  X
  INFO                  00200000   00004000  00000000  00004000  R  X
  SRAM_CODE             01000000   00010000  0000023c  0000fdc4  RW X
  SRAM_DATA             20000000   00010000  0000023c  0000fdc4  RW  


SEGMENT ALLOCATION MAP

run origin  load origin   length   init length attrs members
----------  ----------- ---------- ----------- ----- -------
00000000    00000000    00002dc0   00002dc0    r-x
  00000000    00000000    000000e4   000000e4    r-- .intvecs
  000000e4    000000e4    00001b6c   00001b6c    r-x .text
  00001c50    00001c50    0000112c   0000112c    r-- .const
  00002d80    00002d80    00000040   00000040    r-- .cinit
20000000    20000000    0000003c   00000000    rw-
  20000000    20000000    00000024   00000000    rw- .bss
  20000024    20000024    00000018   00000000    rw- .data
2000fe00    2000fe00    00000200   00000000    rw-
  2000fe00    2000fe00    00000200   00000000    rw- .stack


SECTION ALLOCATION MAP

 output                                  attributes/
section   page    origin      length       input sections
--------  ----  ----------  ----------   ----------------
.intvecs   0    00000000    000000e4     
                  00000000    000000e4     startup_msp432p401r_ccs.obj (.intvecs:retain)

.text      0    000000e4    00001b6c     
                  000000e4    0000139c     ST7735.obj (.text)
                  00001480    00000334     system_msp432p401r.obj (.text)
                  000017b4    000002dc     main.obj (.text)
                  00001a90    0000009c     rtsv7M4_T_le_v4SPD16_eabi.lib : memcpy_t2.asm.obj (.text)
                  00001b2c    00000068                                   : copy_decompress_lzss.c.obj (.text:decompress:lzss:__TI_decompress_lzss)
                  00001b94    00000044                                   : autoinit.c.obj (.text:__TI_auto_init_nobinit_nopinit:__TI_auto_init_nobinit_nopinit)
                  00001bd8    00000038                                   : boot_cortex_m.c.obj (.text:_c_int00_noargs:_c_int00_noargs)
                  00001c10    0000001c                                   : copy_zero_init.c.obj (.text:decompress:ZI:__TI_zero_init_nomemset:__TI_zero_init_nomemset)
                  00001c2c    0000000e                                   : copy_decompress_none.c.obj (.text:decompress:none:__TI_decompress_none)
                  00001c3a    0000000e     startup_msp432p401r_ccs.obj (.text)
                  00001c48    00000004     rtsv7M4_T_le_v4SPD16_eabi.lib : pre_init.c.obj (.text:_system_pre_init)
                  00001c4c    00000004                                   : exit.c.obj (.text:abort:abort)

.const     0    00001c50    0000112c     
                  00001c50    000006cc     main.obj (.const:cat)
                  0000231c    000004fb     ST7735.obj (.const:.string:Font)
                  00002817    00000200     ST7735.obj (.const:.string:dBfs)
                  00002a17    00000001     --HOLE-- [fill = 0]
                  00002a18    00000200     main.obj (.const:triangle)
                  00002c18    00000067     ST7735.obj (.const:.string:Bcmd)
                  00002c7f    00000050     main.obj (.const:$P$T17$2)
                  00002ccf    0000003b     ST7735.obj (.const:.string:Rcmd1)
                  00002d0a    0000002b     ST7735.obj (.const:.string:Rcmd3)
                  00002d35    00000022     main.obj (.const:$P$T16$1)
                  00002d57    0000000d     ST7735.obj (.const:.string:Rcmd2green)
                  00002d64    0000000d     ST7735.obj (.const:.string:Rcmd2red)
                  00002d71    0000000b     main.obj (.const:.string:$P$T18$3)

.cinit     0    00002d80    00000040     
                  00002d80    00000016     (.cinit..data.load) [load image, compression = lzss]
                  00002d96    00000002     --HOLE-- [fill = 0]
                  00002d98    0000000c     (__TI_handler_table)
                  00002da4    00000004     --HOLE-- [fill = 0]
                  00002da8    00000008     (.cinit..bss.load) [load image, compression = zero_init]
                  00002db0    00000010     (__TI_cinit_table)

.init_array 
*          0    00000000    00000000     UNINITIALIZED

.binit     0    00000000    00000000     

.bss       0    20000000    00000024     UNINITIALIZED
                  20000000    0000000c     (.common:Message)
                  2000000c    00000004     ST7735.obj (.bss)
                  20000010    00000004     (.common:Messageindex)
                  20000014    00000004     (.common:X)
                  20000018    00000004     (.common:Ymax)
                  2000001c    00000004     (.common:Ymin)
                  20000020    00000004     (.common:Yrange)

.data      0    20000024    00000018     UNINITIALIZED
                  20000024    00000014     ST7735.obj (.data)
                  20000038    00000004     system_msp432p401r.obj (.data)

.stack     0    2000fe00    00000200     UNINITIALIZED
                  2000fe00    00000004     rtsv7M4_T_le_v4SPD16_eabi.lib : boot_cortex_m.c.obj (.stack)
                  2000fe04    000001fc     --HOLE--

MODULE SUMMARY

       Module                        code   ro data   rw data
       ------                        ----   -------   -------
    .\
       ST7735.obj                    5020   2018      112    
       main.obj                      732    2377      0      
       system_msp432p401r.obj        820    0         8      
       startup_msp432p401r_ccs.obj   14     228       0      
    +--+-----------------------------+------+---------+---------+
       Total:                        6586   4623      120    
                                                             
    C:\ti\ccsv8\tools\compiler\ti-cgt-arm_18.1.8.LTS\lib\rtsv7M4_T_le_v4SPD16_eabi.lib
       memcpy_t2.asm.obj             156    0         0      
       copy_decompress_lzss.c.obj    104    0         0      
       autoinit.c.obj                68     0         0      
       boot_cortex_m.c.obj           56     0         0      
       copy_zero_init.c.obj          28     0         0      
       copy_decompress_none.c.obj    14     0         0      
       exit.c.obj                    4      0         0      
       pre_init.c.obj                4      0         0      
    +--+-----------------------------+------+---------+---------+
       Total:                        434    0         0      
                                                             
       Stack:                        0      0         1024   
       Linker Generated:             0      58        0      
    +--+-----------------------------+------+---------+---------+
       Grand Total:                  7020   4681      1144   


LINKER GENERATED COPY TABLES

__TI_cinit_table @ 00002db0 records: 2, size/record: 8, table size: 16
	.data: load addr=00002d80, load size=00000016 bytes, run addr=20000024, run size=00000018 bytes, compression=lzss
	.bss: load addr=00002da8, load size=00000008 bytes, run addr=20000000, run size=00000024 bytes, compression=zero_init


LINKER GENERATED HANDLER TABLE

__TI_handler_table @ 00002d98 records: 3, size/record: 4, table size: 12
	index: 0, handler: __TI_decompress_lzss
	index: 1, handler: __TI_decompress_none
	index: 2, handler: __TI_zero_init


GLOBAL SYMBOLS: SORTED ALPHABETICALLY BY Name 

address   name                          
-------   ----                          
00001c47  ADC14_IRQHandler              
00001c47  AES256_IRQHandler             
00001c47  BusFault_Handler              
00001c4d  C$$EXIT                       
00001c47  COMP_E0_IRQHandler            
00001c47  COMP_E1_IRQHandler            
00001c47  CS_IRQHandler                 
00001c47  DMA_ERR_IRQHandler            
00001c47  DMA_INT0_IRQHandler           
00001c47  DMA_INT1_IRQHandler           
00001c47  DMA_INT2_IRQHandler           
00001c47  DMA_INT3_IRQHandler           
00001c47  DebugMon_Handler              
00001c47  Default_Handler               
0000015b  Delay1ms                      
00001c47  EUSCIA0_IRQHandler            
00001c47  EUSCIA1_IRQHandler            
00001c47  EUSCIA2_IRQHandler            
00001c47  EUSCIA3_IRQHandler            
00001c47  EUSCIB0_IRQHandler            
00001c47  EUSCIB1_IRQHandler            
00001c47  EUSCIB2_IRQHandler            
00001c47  EUSCIB3_IRQHandler            
00001c47  FLCTL_IRQHandler              
00001c47  FPU_IRQHandler                
00001c47  HardFault_Handler             
00001c47  MemManage_Handler             
20000000  Message                       
20000010  Messageindex                  
00001c47  NMI_Handler                   
0000141f  Output_Clear                  
00001439  Output_Color                  
0000140f  Output_Init                   
00001429  Output_Off                    
00001431  Output_On                     
00001c47  PCM_IRQHandler                
00001c47  PORT1_IRQHandler              
00001c47  PORT2_IRQHandler              
00001c47  PORT3_IRQHandler              
00001c47  PORT4_IRQHandler              
00001c47  PORT5_IRQHandler              
00001c47  PORT6_IRQHandler              
00001c47  PSS_IRQHandler                
00001c47  PendSV_Handler                
00001c47  RTC_C_IRQHandler              
00001c3b  Reset_Handler                 
0000073d  ST7735_Color565               
000007a1  ST7735_DrawBitmap             
00000b15  ST7735_DrawChar               
0000099f  ST7735_DrawCharS              
00000535  ST7735_DrawFastHLine          
00000477  ST7735_DrawFastVLine          
0000041d  ST7735_DrawPixel              
00000c83  ST7735_DrawString             
00000631  ST7735_FillRect               
000005ed  ST7735_FillScreen             
000002e9  ST7735_InitB                  
00000309  ST7735_InitR                  
00000eb7  ST7735_InvertDisplay          
000012f5  ST7735_OutChar                
000013b1  ST7735_OutString              
00000d71  ST7735_OutUDec                
00001201  ST7735_PlotBar                
00000ecf  ST7735_PlotClear              
00000ff1  ST7735_PlotLine               
000012a1  ST7735_PlotNext               
000012bb  ST7735_PlotNextErase          
00000f2b  ST7735_PlotPoint              
0000112b  ST7735_PlotPoints             
00001257  ST7735_PlotdBfs               
00000d4b  ST7735_SetCursor              
00000ded  ST7735_SetRotation            
000013cf  ST7735_SetTextColor           
00000771  ST7735_SwapColor              
00001c47  SVC_Handler                   
2000002c  StTextColor                   
20000024  StX                           
20000028  StY                           
00001c47  SysTick_Handler               
20000038  SystemCoreClock               
00001481  SystemCoreClockUpdate         
000016f9  SystemInit                    
00001c47  T32_INT1_IRQHandler           
00001c47  T32_INT2_IRQHandler           
00001c47  T32_INTC_IRQHandler           
00001c47  TA0_0_IRQHandler              
00001c47  TA0_N_IRQHandler              
00001c47  TA1_0_IRQHandler              
00001c47  TA1_N_IRQHandler              
00001c47  TA2_0_IRQHandler              
00001c47  TA2_N_IRQHandler              
00001c47  TA3_0_IRQHandler              
00001c47  TA3_N_IRQHandler              
00001c47  UsageFault_Handler            
4000480c  WDTCTL_SYM                    
00001c47  WDT_A_IRQHandler              
20000014  X                             
20000018  Ymax                          
2000001c  Ymin                          
20000020  Yrange                        
20010000  __STACK_END                   
00000200  __STACK_SIZE                  
00002db0  __TI_CINIT_Base               
00002dc0  __TI_CINIT_Limit              
00002d98  __TI_Handler_Table_Base       
00002da4  __TI_Handler_Table_Limit      
00001b95  __TI_auto_init_nobinit_nopinit
00001b2d  __TI_decompress_lzss          
00001c2d  __TI_decompress_none          
ffffffff  __TI_pprof_out_hndl           
ffffffff  __TI_prof_data_size           
ffffffff  __TI_prof_data_start          
00000000  __TI_static_base__            
00001c11  __TI_zero_init_nomemset       
00001a91  __aeabi_memcpy                
00001a91  __aeabi_memcpy4               
00001a91  __aeabi_memcpy8               
ffffffff  __binit__                     
ffffffff  __c_args__                    
UNDEFED   __mpu_init                    
2000fe00  __stack                       
00001bd9  _c_int00_noargs               
UNDEFED   _system_post_cinit            
00001c49  _system_pre_init              
00001c4d  abort                         
ffffffff  binit                         
00001c50  cat                           
000019f9  clock_pin_check               
0000190f  countup                       
00002817  dBfs                          
00001401  ferror                        
000013f5  fgetc                         
00000d09  fillmessage                   
000013e3  fputc                         
00000000  interruptVectors              
20000034  lastj                         
000017b5  main                          
00001a91  memcpy                        
000018b3  menu_screen                   
0000014d  parrotdelay                   
000017e9  set_clk48MHz                  
00001867  start_screen                  
00002a18  triangle                      


GLOBAL SYMBOLS: SORTED BY Symbol Address 

address   name                          
-------   ----                          
00000000  __TI_static_base__            
00000000  interruptVectors              
0000014d  parrotdelay                   
0000015b  Delay1ms                      
00000200  __STACK_SIZE                  
000002e9  ST7735_InitB                  
00000309  ST7735_InitR                  
0000041d  ST7735_DrawPixel              
00000477  ST7735_DrawFastVLine          
00000535  ST7735_DrawFastHLine          
000005ed  ST7735_FillScreen             
00000631  ST7735_FillRect               
0000073d  ST7735_Color565               
00000771  ST7735_SwapColor              
000007a1  ST7735_DrawBitmap             
0000099f  ST7735_DrawCharS              
00000b15  ST7735_DrawChar               
00000c83  ST7735_DrawString             
00000d09  fillmessage                   
00000d4b  ST7735_SetCursor              
00000d71  ST7735_OutUDec                
00000ded  ST7735_SetRotation            
00000eb7  ST7735_InvertDisplay          
00000ecf  ST7735_PlotClear              
00000f2b  ST7735_PlotPoint              
00000ff1  ST7735_PlotLine               
0000112b  ST7735_PlotPoints             
00001201  ST7735_PlotBar                
00001257  ST7735_PlotdBfs               
000012a1  ST7735_PlotNext               
000012bb  ST7735_PlotNextErase          
000012f5  ST7735_OutChar                
000013b1  ST7735_OutString              
000013cf  ST7735_SetTextColor           
000013e3  fputc                         
000013f5  fgetc                         
00001401  ferror                        
0000140f  Output_Init                   
0000141f  Output_Clear                  
00001429  Output_Off                    
00001431  Output_On                     
00001439  Output_Color                  
00001481  SystemCoreClockUpdate         
000016f9  SystemInit                    
000017b5  main                          
000017e9  set_clk48MHz                  
00001867  start_screen                  
000018b3  menu_screen                   
0000190f  countup                       
000019f9  clock_pin_check               
00001a91  __aeabi_memcpy                
00001a91  __aeabi_memcpy4               
00001a91  __aeabi_memcpy8               
00001a91  memcpy                        
00001b2d  __TI_decompress_lzss          
00001b95  __TI_auto_init_nobinit_nopinit
00001bd9  _c_int00_noargs               
00001c11  __TI_zero_init_nomemset       
00001c2d  __TI_decompress_none          
00001c3b  Reset_Handler                 
00001c47  ADC14_IRQHandler              
00001c47  AES256_IRQHandler             
00001c47  BusFault_Handler              
00001c47  COMP_E0_IRQHandler            
00001c47  COMP_E1_IRQHandler            
00001c47  CS_IRQHandler                 
00001c47  DMA_ERR_IRQHandler            
00001c47  DMA_INT0_IRQHandler           
00001c47  DMA_INT1_IRQHandler           
00001c47  DMA_INT2_IRQHandler           
00001c47  DMA_INT3_IRQHandler           
00001c47  DebugMon_Handler              
00001c47  Default_Handler               
00001c47  EUSCIA0_IRQHandler            
00001c47  EUSCIA1_IRQHandler            
00001c47  EUSCIA2_IRQHandler            
00001c47  EUSCIA3_IRQHandler            
00001c47  EUSCIB0_IRQHandler            
00001c47  EUSCIB1_IRQHandler            
00001c47  EUSCIB2_IRQHandler            
00001c47  EUSCIB3_IRQHandler            
00001c47  FLCTL_IRQHandler              
00001c47  FPU_IRQHandler                
00001c47  HardFault_Handler             
00001c47  MemManage_Handler             
00001c47  NMI_Handler                   
00001c47  PCM_IRQHandler                
00001c47  PORT1_IRQHandler              
00001c47  PORT2_IRQHandler              
00001c47  PORT3_IRQHandler              
00001c47  PORT4_IRQHandler              
00001c47  PORT5_IRQHandler              
00001c47  PORT6_IRQHandler              
00001c47  PSS_IRQHandler                
00001c47  PendSV_Handler                
00001c47  RTC_C_IRQHandler              
00001c47  SVC_Handler                   
00001c47  SysTick_Handler               
00001c47  T32_INT1_IRQHandler           
00001c47  T32_INT2_IRQHandler           
00001c47  T32_INTC_IRQHandler           
00001c47  TA0_0_IRQHandler              
00001c47  TA0_N_IRQHandler              
00001c47  TA1_0_IRQHandler              
00001c47  TA1_N_IRQHandler              
00001c47  TA2_0_IRQHandler              
00001c47  TA2_N_IRQHandler              
00001c47  TA3_0_IRQHandler              
00001c47  TA3_N_IRQHandler              
00001c47  UsageFault_Handler            
00001c47  WDT_A_IRQHandler              
00001c49  _system_pre_init              
00001c4d  C$$EXIT                       
00001c4d  abort                         
00001c50  cat                           
00002817  dBfs                          
00002a18  triangle                      
00002d98  __TI_Handler_Table_Base       
00002da4  __TI_Handler_Table_Limit      
00002db0  __TI_CINIT_Base               
00002dc0  __TI_CINIT_Limit              
20000000  Message                       
20000010  Messageindex                  
20000014  X                             
20000018  Ymax                          
2000001c  Ymin                          
20000020  Yrange                        
20000024  StX                           
20000028  StY                           
2000002c  StTextColor                   
20000034  lastj                         
20000038  SystemCoreClock               
2000fe00  __stack                       
20010000  __STACK_END                   
4000480c  WDTCTL_SYM                    
ffffffff  __TI_pprof_out_hndl           
ffffffff  __TI_prof_data_size           
ffffffff  __TI_prof_data_start          
ffffffff  __binit__                     
ffffffff  __c_args__                    
ffffffff  binit                         
UNDEFED   __mpu_init                    
UNDEFED   _system_post_cinit            

[143 symbols]
