******************************************************************************
                  TI ARM Linker PC v18.1.8                     
******************************************************************************
>> Linked Thu Jun 27 11:25:35 2024

OUTPUT FILE NAME:   <EGR424_Project2.out>
ENTRY POINT SYMBOL: "_c_int00_noargs"  address: 00006855


MEMORY CONFIGURATION

         name            origin    length      used     unused   attr    fill
----------------------  --------  ---------  --------  --------  ----  --------
  MAIN                  00000000   00040000  00006968  00039698  R  X
  INFO                  00200000   00004000  00000000  00004000  R  X
  SRAM_CODE             01000000   00010000  0000027a  0000fd86  RW X
  SRAM_DATA             20000000   00010000  0000027a  0000fd86  RW  


SEGMENT ALLOCATION MAP

run origin  load origin   length   init length attrs members
----------  ----------- ---------- ----------- ----- -------
00000000    00000000    00006968   00006968    r-x
  00000000    00000000    000000e4   000000e4    r-- .intvecs
  000000e4    000000e4    000047ac   000047ac    r-- .const
  00004890    00004890    00002070   00002070    r-x .text
  00006900    00006900    00000068   00000068    r-- .cinit
20000000    20000000    0000007c   00000000    rw-
  20000000    20000000    00000056   00000000    rw- .data
  20000058    20000058    00000024   00000000    rw- .bss
2000fe00    2000fe00    00000200   00000000    rw-
  2000fe00    2000fe00    00000200   00000000    rw- .stack


SECTION ALLOCATION MAP

 output                                  attributes/
section   page    origin      length       input sections
--------  ----  ----------  ----------   ----------------
.intvecs   0    00000000    000000e4     
                  00000000    000000e4     startup_msp432p401r_ccs.obj (.intvecs:retain)

.const     0    000000e4    000047ac     
                  000000e4    00000708     LCD.obj (.const:clover)
                  000007ec    00000708     LCD.obj (.const:fish)
                  00000ef4    00000708     LCD.obj (.const:heart)
                  000015fc    00000708     LCD.obj (.const:ladybug)
                  00001d04    00000708     LCD.obj (.const:money_sign)
                  0000240c    00000708     LCD.obj (.const:pot_of_gold)
                  00002b14    00000708     LCD.obj (.const:star)
                  0000321c    00000708     LCD.obj (.const:sun)
                  00003924    000006cc     LCD.obj (.const:cat)
                  00003ff0    000004fb     ST7735.obj (.const:.string:Font)
                  000044eb    00000200     ST7735.obj (.const:.string:dBfs)
                  000046eb    00000067     ST7735.obj (.const:.string:Bcmd)
                  00004752    00000055     LCD.obj (.const:$P$T0$1)
                  000047a7    00000044     SLOT_MACHINE.obj (.const:$P$T0$1)
                  000047eb    0000003b     ST7735.obj (.const:.string:Rcmd1)
                  00004826    0000002b     ST7735.obj (.const:.string:Rcmd3)
                  00004851    00000003     --HOLE-- [fill = 0]
                  00004854    00000022     main.obj (.const:.string)
                  00004876    0000000d     ST7735.obj (.const:.string:Rcmd2green)
                  00004883    0000000d     ST7735.obj (.const:.string:Rcmd2red)

.text      0    00004890    00002070     
                  00004890    0000139c     ST7735.obj (.text)
                  00005c2c    00000334     system_msp432p401r.obj (.text)
                  00005f60    00000258     SLOT_MACHINE.obj (.text)
                  000061b8    00000234     LCD.obj (.text)
                  000063ec    00000144     TIME.obj (.text)
                  00006530    000000e8     GPIO.obj (.text)
                  00006618    0000009c     rtsv7M4_T_le_v4SPD16_eabi.lib : memcpy_t2.asm.obj (.text)
                  000066b4    0000007a                                   : memset_t2.asm.obj (.text)
                  0000672e    00000002                                   : _lock.c.obj (.text:_nop)
                  00006730    00000078     main.obj (.text)
                  000067a8    00000068     rtsv7M4_T_le_v4SPD16_eabi.lib : copy_decompress_lzss.c.obj (.text:decompress:lzss:__TI_decompress_lzss)
                  00006810    00000044                                   : autoinit.c.obj (.text:__TI_auto_init_nobinit_nopinit:__TI_auto_init_nobinit_nopinit)
                  00006854    00000038                                   : boot_cortex_m.c.obj (.text:_c_int00_noargs:_c_int00_noargs)
                  0000688c    00000034                                   : rand.c.obj (.text:rand)
                  000068c0    0000001c                                   : copy_zero_init.c.obj (.text:decompress:ZI:__TI_zero_init_nomemset:__TI_zero_init_nomemset)
                  000068dc    0000000e                                   : copy_decompress_none.c.obj (.text:decompress:none:__TI_decompress_none)
                  000068ea    0000000e     startup_msp432p401r_ccs.obj (.text)
                  000068f8    00000004     rtsv7M4_T_le_v4SPD16_eabi.lib : pre_init.c.obj (.text:_system_pre_init)
                  000068fc    00000004                                   : exit.c.obj (.text:abort:abort)

.cinit     0    00006900    00000068     
                  00006900    00000042     (.cinit..data.load) [load image, compression = lzss]
                  00006942    00000002     --HOLE-- [fill = 0]
                  00006944    0000000c     (__TI_handler_table)
                  00006950    00000008     (.cinit..bss.load) [load image, compression = zero_init]
                  00006958    00000010     (__TI_cinit_table)

.init_array 
*          0    00000000    00000000     UNINITIALIZED

.binit     0    00000000    00000000     

.data      0    20000000    00000056     UNINITIALIZED
                  20000000    00000024     main.obj (.data:symbols)
                  20000024    00000014     ST7735.obj (.data)
                  20000038    00000008     rtsv7M4_T_le_v4SPD16_eabi.lib : _lock.c.obj (.data:$O1$$)
                  20000040    00000004     main.obj (.data:row1)
                  20000044    00000004     main.obj (.data:row2)
                  20000048    00000004     main.obj (.data:row3)
                  2000004c    00000004     rtsv7M4_T_le_v4SPD16_eabi.lib : rand.c.obj (.data)
                  20000050    00000004     system_msp432p401r.obj (.data)
                  20000054    00000002     main.obj (.data)

.bss       0    20000058    00000024     UNINITIALIZED
                  20000058    0000000c     (.common:Message)
                  20000064    00000004     ST7735.obj (.bss)
                  20000068    00000004     (.common:Messageindex)
                  2000006c    00000004     (.common:X)
                  20000070    00000004     (.common:Ymax)
                  20000074    00000004     (.common:Ymin)
                  20000078    00000004     (.common:Yrange)

.stack     0    2000fe00    00000200     UNINITIALIZED
                  2000fe00    00000004     rtsv7M4_T_le_v4SPD16_eabi.lib : boot_cortex_m.c.obj (.stack)
                  2000fe04    000001fc     --HOLE--

MODULE SUMMARY

       Module                        code   ro data   rw data
       ------                        ----   -------   -------
    .\
       LCD.obj                       564    16225     0      
       ST7735.obj                    5020   2018      112    
       system_msp432p401r.obj        820    0         8      
       SLOT_MACHINE.obj              600    68        0      
       TIME.obj                      324    0         0      
       main.obj                      120    34        100    
       startup_msp432p401r_ccs.obj   14     228       0      
       GPIO.obj                      232    0         0      
    +--+-----------------------------+------+---------+---------+
       Total:                        7694   18573     220    
                                                             
    C:\ti\ccsv8\tools\compiler\ti-cgt-arm_18.1.8.LTS\lib\rtsv7M4_T_le_v4SPD16_eabi.lib
       memcpy_t2.asm.obj             156    0         0      
       memset_t2.asm.obj             122    0         0      
       copy_decompress_lzss.c.obj    104    0         0      
       autoinit.c.obj                68     0         0      
       rand.c.obj                    52     0         8      
       boot_cortex_m.c.obj           56     0         0      
       copy_zero_init.c.obj          28     0         0      
       _lock.c.obj                   2      0         16     
       copy_decompress_none.c.obj    14     0         0      
       exit.c.obj                    4      0         0      
       pre_init.c.obj                4      0         0      
    +--+-----------------------------+------+---------+---------+
       Total:                        610    0         24     
                                                             
       Stack:                        0      0         1024   
       Linker Generated:             0      102       0      
    +--+-----------------------------+------+---------+---------+
       Grand Total:                  8304   18675     1268   


LINKER GENERATED COPY TABLES

__TI_cinit_table @ 00006958 records: 2, size/record: 8, table size: 16
	.data: load addr=00006900, load size=00000042 bytes, run addr=20000000, run size=00000056 bytes, compression=lzss
	.bss: load addr=00006950, load size=00000008 bytes, run addr=20000058, run size=00000024 bytes, compression=zero_init


LINKER GENERATED HANDLER TABLE

__TI_handler_table @ 00006944 records: 3, size/record: 4, table size: 12
	index: 0, handler: __TI_decompress_lzss
	index: 1, handler: __TI_decompress_none
	index: 2, handler: __TI_zero_init


GLOBAL SYMBOLS: SORTED ALPHABETICALLY BY Name 

address   name                          
-------   ----                          
000068f7  ADC14_IRQHandler              
000068f7  AES256_IRQHandler             
000068f7  BusFault_Handler              
000068fd  C$$EXIT                       
000068f7  COMP_E0_IRQHandler            
000068f7  COMP_E1_IRQHandler            
000068f7  CS_IRQHandler                 
000068f7  DMA_ERR_IRQHandler            
000068f7  DMA_INT0_IRQHandler           
000068f7  DMA_INT1_IRQHandler           
000068f7  DMA_INT2_IRQHandler           
000068f7  DMA_INT3_IRQHandler           
000068f7  DebugMon_Handler              
000068f7  Default_Handler               
00004907  Delay1ms                      
000068f7  EUSCIA0_IRQHandler            
000068f7  EUSCIA1_IRQHandler            
000068f7  EUSCIA2_IRQHandler            
000068f7  EUSCIA3_IRQHandler            
000068f7  EUSCIB0_IRQHandler            
000068f7  EUSCIB1_IRQHandler            
000068f7  EUSCIB2_IRQHandler            
000068f7  EUSCIB3_IRQHandler            
000068f7  FLCTL_IRQHandler              
000068f7  FPU_IRQHandler                
000068f7  HardFault_Handler             
000068f7  MemManage_Handler             
20000058  Message                       
20000068  Messageindex                  
000068f7  NMI_Handler                   
00005bcb  Output_Clear                  
00005be5  Output_Color                  
00005bbb  Output_Init                   
00005bd5  Output_Off                    
00005bdd  Output_On                     
000068f7  PCM_IRQHandler                
000068f7  PORT1_IRQHandler              
000068f7  PORT2_IRQHandler              
000068f7  PORT3_IRQHandler              
00006585  PORT4_IRQHandler              
00006585  PORT4_IRQHandler              
000068f7  PORT5_IRQHandler              
000068f7  PORT6_IRQHandler              
000068f7  PSS_IRQHandler                
000068f7  PendSV_Handler                
000068f7  RTC_C_IRQHandler              
000068eb  Reset_Handler                 
00004ee9  ST7735_Color565               
00004f4d  ST7735_DrawBitmap             
000052c1  ST7735_DrawChar               
0000514b  ST7735_DrawCharS              
00004ce1  ST7735_DrawFastHLine          
00004c23  ST7735_DrawFastVLine          
00004bc9  ST7735_DrawPixel              
0000542f  ST7735_DrawString             
00004ddd  ST7735_FillRect               
00004d99  ST7735_FillScreen             
00004a95  ST7735_InitB                  
00004ab5  ST7735_InitR                  
00005663  ST7735_InvertDisplay          
00005aa1  ST7735_OutChar                
00005b5d  ST7735_OutString              
0000551d  ST7735_OutUDec                
000059ad  ST7735_PlotBar                
0000567b  ST7735_PlotClear              
0000579d  ST7735_PlotLine               
00005a4d  ST7735_PlotNext               
00005a67  ST7735_PlotNextErase          
000056d7  ST7735_PlotPoint              
000058d7  ST7735_PlotPoints             
00005a03  ST7735_PlotdBfs               
000054f7  ST7735_SetCursor              
00005599  ST7735_SetRotation            
00005b7b  ST7735_SetTextColor           
00004f1d  ST7735_SwapColor              
000068f7  SVC_Handler                   
2000002c  StTextColor                   
20000024  StX                           
20000028  StY                           
000068f7  SysTick_Handler               
20000050  SystemCoreClock               
00005c2d  SystemCoreClockUpdate         
00005ea5  SystemInit                    
000068f7  T32_INT1_IRQHandler           
000068f7  T32_INT2_IRQHandler           
000068f7  T32_INTC_IRQHandler           
000068f7  TA0_0_IRQHandler              
000068f7  TA0_N_IRQHandler              
000068f7  TA1_0_IRQHandler              
000068f7  TA1_N_IRQHandler              
000068f7  TA2_0_IRQHandler              
000068f7  TA2_N_IRQHandler              
000068f7  TA3_0_IRQHandler              
000068f7  TA3_N_IRQHandler              
000068f7  UsageFault_Handler            
4000480c  WDTCTL_SYM                    
000068f7  WDT_A_IRQHandler              
2000006c  X                             
20000070  Ymax                          
20000074  Ymin                          
20000078  Yrange                        
20010000  __STACK_END                   
00000200  __STACK_SIZE                  
00006958  __TI_CINIT_Base               
00006968  __TI_CINIT_Limit              
00006944  __TI_Handler_Table_Base       
00006950  __TI_Handler_Table_Limit      
00006811  __TI_auto_init_nobinit_nopinit
000067a9  __TI_decompress_lzss          
000068dd  __TI_decompress_none          
ffffffff  __TI_pprof_out_hndl           
ffffffff  __TI_prof_data_size           
ffffffff  __TI_prof_data_start          
00000000  __TI_static_base__            
000068c1  __TI_zero_init_nomemset       
000066b5  __aeabi_memclr                
000066b5  __aeabi_memclr4               
000066b5  __aeabi_memclr8               
00006619  __aeabi_memcpy                
00006619  __aeabi_memcpy4               
00006619  __aeabi_memcpy8               
000066b7  __aeabi_memset                
000066b7  __aeabi_memset4               
000066b7  __aeabi_memset8               
ffffffff  __binit__                     
ffffffff  __c_args__                    
UNDEFED   __mpu_init                    
2000fe00  __stack                       
00006855  _c_int00_noargs               
20000038  _lock                         
0000672f  _nop                          
UNDEFED   _system_post_cinit            
000068f9  _system_pre_init              
2000003c  _unlock                       
000068fd  abort                         
ffffffff  binit                         
00003924  cat                           
00006009  check_victory                 
000000e4  clover                        
000044eb  dBfs                          
0000646b  debounce                      
000064c7  delay_ms                      
00006235  display_slots                 
00005bad  ferror                        
00005ba1  fgetc                         
000054b5  fillmessage                   
000007ec  fish                          
00005b8f  fputc                         
00000ef4  heart                         
00000000  interruptVectors              
000015fc  ladybug                       
20000034  lastj                         
0000675d  main                          
00006619  memcpy                        
000066bd  memset                        
00001d04  money_sign                    
000048f9  parrotdelay                   
00006531  pin_init                      
0000240c  pot_of_gold                   
0000688d  rand                          
20000040  row1                          
20000044  row2                          
20000048  row3                          
000063ed  set_clk48MHz                  
20000054  spin                          
00005f61  spin_reels                    
00002b14  star                          
000061b9  start_screen                  
0000321c  sun                           
20000000  symbols                       
000064ab  sys_init                      
20000055  victory                       


GLOBAL SYMBOLS: SORTED BY Symbol Address 

address   name                          
-------   ----                          
00000000  __TI_static_base__            
00000000  interruptVectors              
000000e4  clover                        
00000200  __STACK_SIZE                  
000007ec  fish                          
00000ef4  heart                         
000015fc  ladybug                       
00001d04  money_sign                    
0000240c  pot_of_gold                   
00002b14  star                          
0000321c  sun                           
00003924  cat                           
000044eb  dBfs                          
000048f9  parrotdelay                   
00004907  Delay1ms                      
00004a95  ST7735_InitB                  
00004ab5  ST7735_InitR                  
00004bc9  ST7735_DrawPixel              
00004c23  ST7735_DrawFastVLine          
00004ce1  ST7735_DrawFastHLine          
00004d99  ST7735_FillScreen             
00004ddd  ST7735_FillRect               
00004ee9  ST7735_Color565               
00004f1d  ST7735_SwapColor              
00004f4d  ST7735_DrawBitmap             
0000514b  ST7735_DrawCharS              
000052c1  ST7735_DrawChar               
0000542f  ST7735_DrawString             
000054b5  fillmessage                   
000054f7  ST7735_SetCursor              
0000551d  ST7735_OutUDec                
00005599  ST7735_SetRotation            
00005663  ST7735_InvertDisplay          
0000567b  ST7735_PlotClear              
000056d7  ST7735_PlotPoint              
0000579d  ST7735_PlotLine               
000058d7  ST7735_PlotPoints             
000059ad  ST7735_PlotBar                
00005a03  ST7735_PlotdBfs               
00005a4d  ST7735_PlotNext               
00005a67  ST7735_PlotNextErase          
00005aa1  ST7735_OutChar                
00005b5d  ST7735_OutString              
00005b7b  ST7735_SetTextColor           
00005b8f  fputc                         
00005ba1  fgetc                         
00005bad  ferror                        
00005bbb  Output_Init                   
00005bcb  Output_Clear                  
00005bd5  Output_Off                    
00005bdd  Output_On                     
00005be5  Output_Color                  
00005c2d  SystemCoreClockUpdate         
00005ea5  SystemInit                    
00005f61  spin_reels                    
00006009  check_victory                 
000061b9  start_screen                  
00006235  display_slots                 
000063ed  set_clk48MHz                  
0000646b  debounce                      
000064ab  sys_init                      
000064c7  delay_ms                      
00006531  pin_init                      
00006585  PORT4_IRQHandler              
00006585  PORT4_IRQHandler              
00006619  __aeabi_memcpy                
00006619  __aeabi_memcpy4               
00006619  __aeabi_memcpy8               
00006619  memcpy                        
000066b5  __aeabi_memclr                
000066b5  __aeabi_memclr4               
000066b5  __aeabi_memclr8               
000066b7  __aeabi_memset                
000066b7  __aeabi_memset4               
000066b7  __aeabi_memset8               
000066bd  memset                        
0000672f  _nop                          
0000675d  main                          
000067a9  __TI_decompress_lzss          
00006811  __TI_auto_init_nobinit_nopinit
00006855  _c_int00_noargs               
0000688d  rand                          
000068c1  __TI_zero_init_nomemset       
000068dd  __TI_decompress_none          
000068eb  Reset_Handler                 
000068f7  ADC14_IRQHandler              
000068f7  AES256_IRQHandler             
000068f7  BusFault_Handler              
000068f7  COMP_E0_IRQHandler            
000068f7  COMP_E1_IRQHandler            
000068f7  CS_IRQHandler                 
000068f7  DMA_ERR_IRQHandler            
000068f7  DMA_INT0_IRQHandler           
000068f7  DMA_INT1_IRQHandler           
000068f7  DMA_INT2_IRQHandler           
000068f7  DMA_INT3_IRQHandler           
000068f7  DebugMon_Handler              
000068f7  Default_Handler               
000068f7  EUSCIA0_IRQHandler            
000068f7  EUSCIA1_IRQHandler            
000068f7  EUSCIA2_IRQHandler            
000068f7  EUSCIA3_IRQHandler            
000068f7  EUSCIB0_IRQHandler            
000068f7  EUSCIB1_IRQHandler            
000068f7  EUSCIB2_IRQHandler            
000068f7  EUSCIB3_IRQHandler            
000068f7  FLCTL_IRQHandler              
000068f7  FPU_IRQHandler                
000068f7  HardFault_Handler             
000068f7  MemManage_Handler             
000068f7  NMI_Handler                   
000068f7  PCM_IRQHandler                
000068f7  PORT1_IRQHandler              
000068f7  PORT2_IRQHandler              
000068f7  PORT3_IRQHandler              
000068f7  PORT5_IRQHandler              
000068f7  PORT6_IRQHandler              
000068f7  PSS_IRQHandler                
000068f7  PendSV_Handler                
000068f7  RTC_C_IRQHandler              
000068f7  SVC_Handler                   
000068f7  SysTick_Handler               
000068f7  T32_INT1_IRQHandler           
000068f7  T32_INT2_IRQHandler           
000068f7  T32_INTC_IRQHandler           
000068f7  TA0_0_IRQHandler              
000068f7  TA0_N_IRQHandler              
000068f7  TA1_0_IRQHandler              
000068f7  TA1_N_IRQHandler              
000068f7  TA2_0_IRQHandler              
000068f7  TA2_N_IRQHandler              
000068f7  TA3_0_IRQHandler              
000068f7  TA3_N_IRQHandler              
000068f7  UsageFault_Handler            
000068f7  WDT_A_IRQHandler              
000068f9  _system_pre_init              
000068fd  C$$EXIT                       
000068fd  abort                         
00006944  __TI_Handler_Table_Base       
00006950  __TI_Handler_Table_Limit      
00006958  __TI_CINIT_Base               
00006968  __TI_CINIT_Limit              
20000000  symbols                       
20000024  StX                           
20000028  StY                           
2000002c  StTextColor                   
20000034  lastj                         
20000038  _lock                         
2000003c  _unlock                       
20000040  row1                          
20000044  row2                          
20000048  row3                          
20000050  SystemCoreClock               
20000054  spin                          
20000055  victory                       
20000058  Message                       
20000068  Messageindex                  
2000006c  X                             
20000070  Ymax                          
20000074  Ymin                          
20000078  Yrange                        
2000fe00  __stack                       
20010000  __STACK_END                   
4000480c  WDTCTL_SYM                    
ffffffff  __TI_pprof_out_hndl           
ffffffff  __TI_prof_data_size           
ffffffff  __TI_prof_data_start          
ffffffff  __binit__                     
ffffffff  __c_args__                    
ffffffff  binit                         
UNDEFED   __mpu_init                    
UNDEFED   _system_post_cinit            

[172 symbols]
